     1                                  CYLS  EQU      10             ; 読み込むシリンダ数
     2                                  ORG      0x7c00
     3                                  
     4 00000000 EB51                    JMP      entry
     5 00000002 90                      	 DB       0x90
     6 00000003 48415249424F5445        	 DB       "HARIBOTE"     ; ブートセクタの名前を自由に書いてよい（8バイト）
     7 0000000B 0002                    	 DW       512                ; 1セクタの大きさ（512にしなければいけない）
     8 0000000D 01                      	 DB       1              ; クラスタの大きさ（1セクタにしなければいけない）
     9 0000000E 0100                    	 DW       1              ; FATがどこから始まるか（普通は1セクタ目からにする）
    10 00000010 02                      	 DB       2              ; FATの個数（2にしなければいけない）
    11 00000011 E000                    	 DW       224                ; ルートディレクトリ領域の大きさ（普通は224エントリにする）
    12 00000013 400B                    	 DW       2880           ; このドライブの大きさ（2880セクタにしなければいけない）
    13 00000015 F0                      	 DB       0xf0           ; メディアのタイプ（0xf0にしなければいけない）
    14 00000016 0900                    	 DW       9              ; FAT領域の長さ（9セクタにしなければいけない）
    15 00000018 1200                    	 DW       18             ; 1トラックにいくつのセクタがあるか（18にしなければいけない）
    16 0000001A 0200                    	 DW       2              ; ヘッドの数（2にしなければいけない）
    17 0000001C 00000000                	 DD       0          ; パーティションを使ってないのでここは必ず0
    18 00000020 400B0000                	 DD       2880           ; このドライブ大きさをもう一度書く
    19 00000024 000029                  	 DB       0,0,0x29       ; よくわからないけどこの値にしておくといいらしい
    20 00000027 FFFFFFFF                	 DD       0xffffffff     ; たぶんボリュームシリアル番号
    21 0000002B 48415249424F54452D-     	 DB       "HARIBOTE-OS   "   ; ディスクの名前（11バイト）
    22 00000034 4F53202020         
    23 00000039 4641543132202020        	 DB       "FAT12   "     ; フォーマットの名前（8バイト）
    24 00000041 00<rept>                	 TIMES    18 DB 0            ; とりあえず18バイトあけておく
    25                                  
    26                                  entry:
    27 00000053 B80000                          MOV      AX,0        ; レジスタ初期化
    28 00000056 8ED0                            MOV      SS,AX
    29 00000058 BC007C                          MOV      SP,0x7c00   ; ブートセクタは0x00007c00に読み込まれる
    30 0000005B 8ED8                            MOV      DS,AX
    31                                  
    32                                  ; ディスクを読む
    33 0000005D B82008                          MOV      AX,0x0820
    34 00000060 8EC0                            MOV      ES,AX         ; セグメントレジスタ(ES:BX)なのでメモリ上では0x8200
    35 00000062 B500                            MOV      CH,0        ; シリンダ番号
    36 00000064 B600                            MOV      DH,0        ; ヘッド番号
    37 00000066 B102                            MOV      CL,2            ; セクタ番号
    38                                  readloop:
    39 00000068 BE0000                          MOV      SI,0        ; エラー回数リセット
    40                                  retry:
    41 0000006B B402                            MOV      AH,0x02         ; AH=0x02 : ディスク読み込み
    42 0000006D B001                            MOV      AL,1            ; 処理セクタ数
    43 0000006F BB0000                          MOV      BX,0        ; バッファアドレス
    44 00000072 B200                            MOV      DL,0x00         ; ドライブ番号 0->Aドライブ
    45 00000074 CD13                            INT      0x13           ; ディスクBIOS呼び出し
    46 00000076 7310                            JNC      next         ; エラーがおきなければnextへ
    47 00000078 83C601                          ADD      SI,1            ; SI(エラー回数)に1を足す
    48 0000007B 83FE05                          CMP      SI,5            ; SIと5を比較
    49 0000007E 7332                            JAE      error            ; エラー回数5回以上 だったらerrorへ
    50 00000080 B400                            MOV      AH,0x00
    51 00000082 B200                            MOV      DL,0x00         ; ドライブ番号 0->Aドライブ
    52 00000084 CD13                            INT      0x13           ; ドライブのリセット
    53 00000086 EBE3                            JMP      retry
    54                                  next:
    55 00000088 8CC0                            MOV      AX,ES         ; アドレスを0x200進める 0x200は1セクタ分
    56 0000008A 83C020                          ADD      AX,0x0020       ; セグメントレジスタ(ES:BX)なので0x200->0x20
    57 0000008D 8EC0                            MOV      ES,AX         ; ADD ES,0x020 という命令がないのでこうしている
    58 0000008F 80C101                          ADD      CL,1            ; CLに1を足す
    59 00000092 80F912                          CMP      CL,18           ; CLと18を比較
    60 00000095 76D1                            JBE      readloop     ; CL(セクタ番号) <= 18 だったらreadloopへ
    61 00000097 B101                            MOV      CL,1            ; CLを1に戻す
    62 00000099 80C601                          ADD      DH,1
    63 0000009C 80FE02                          CMP      DH,2
    64 0000009F 72C7                            JB       readloop     ; DH(ヘッド番号) < 2 だったらreadloopへ
    65 000000A1 B600                            MOV      DH,0
    66 000000A3 80C501                          ADD      CH,1
    67 000000A6 80FD0A                          CMP      CH,CYLS
    68 000000A9 72BD                            JB       readloop     ; CH(シリンダ番号) < CYLS だったらreadloopへ
    69                                  
    70 000000AB 882EF00F                				MOV		[0x0ff0],CH
    71 000000AF E9(00C2)                				JMP		0xc200
    72                                  
    73                                  error:
    74 000000B2 BE[CA00]                        MOV      SI,msg
    75                                  putloop:
    76 000000B5 8A04                    				MOV		AL,[SI]
    77 000000B7 83C601                  				ADD		SI,1			;
    78 000000BA 3C00                    				CMP		AL,0
    79 000000BC 7409                    				JE		fin
    80 000000BE B40E                    				MOV		AH,0x0e			;
    81 000000C0 BB0F00                  				MOV		BX,15			;
    82 000000C3 CD10                    				INT		0x10			;
    83 000000C5 EBEE                    				JMP		putloop
    84                                  
    85                                  fin:
    86 000000C7 F4                              HLT                      ; 何かあるまでCPUを停止させる
    87 000000C8 EBFD                            JMP      fin              ; 無限ループ
    88                                  
    89                                  msg:
    90 000000CA 0A0A                            DB       0x0a, 0x0a        ; 改行を2つ
    91 000000CC 6C6F6164206572726F-             DB       "load error"
    92 000000D5 72                 
    93 000000D6 0A                              DB       0x0a           ; 改行
    94 000000D7 00                              DB       0
    95                                  
    96 000000D8 00<rept>                        TIMES    0x7dfe-0x7c00-($-$$) DB 0     ; 0x7dfeまでを0x00で埋める命令
    97                                  
    98 000001FE 55AA                            DB       0x55, 0xaa    ;ブートセクタが有効であることを示す2バイト
