
Allocating common symbols
Common symbol       size              file

keyfifo             0x4               ../obj/io.o
timer_ctl           0x271c            ../obj/timer.o
taskctl             0x4               ../obj/mult_task.o
mousedata           0x4               ../obj/io.o
keydata             0x4               ../obj/io.o
mousefifo           0x4               ../obj/io.o
task_timer          0x4               ../obj/mult_task.o

Discarded input sections

 .eh_frame      0x0000000000000000       0xd8 ../obj/io.o
 .eh_frame      0x0000000000000000      0x160 ../obj/layer.o
 .eh_frame      0x0000000000000000       0x7c ../obj/file.o
 .eh_frame      0x0000000000000000      0x15c ../obj/mult_task.o
 .eh_frame      0x0000000000000000       0x78 ../obj/interrupt.o
 .eh_frame      0x0000000000000000      0x1a8 ../obj/console.o
 .eh_frame      0x0000000000000000      0x15c ../obj/macro.o
 .eh_frame      0x0000000000000000       0x88 ../obj/window.o
 .eh_frame      0x0000000000000000      0x104 ../obj/memory.o
 .eh_frame      0x0000000000000000       0x34 ../obj/bootpack.o
 .eh_frame      0x0000000000000000      0x118 ../obj/fifo.o
 .eh_frame      0x0000000000000000       0x78 ../obj/dsctbl.o
 .eh_frame      0x0000000000000000       0xd8 ../obj/timer.o
 .eh_frame      0x0000000000000000      0x140 ../obj/grahpic.o

Memory Configuration

Name             Origin             Length             Attributes
*default*        0x0000000000000000 0xffffffffffffffff

Linker script and memory map


.head           0x0000000000000000       0x24
                0x0000000000000000        0x4 LONG 0x10000
                0x0000000000000004        0x4 LONG 0x69726148
                0x0000000000000008        0x4 LONG 0x0
                0x000000000000000c        0x4 LONG 0x310000
                0x0000000000000010        0x4 LONG 0x14c1 SIZEOF (.data)
                0x0000000000000014        0x4 LONG 0x55a4 LOADADDR (.data)
                0x0000000000000018        0x4 LONG 0xe9000000
                0x000000000000001c        0x4 LONG 0x3525 (HariMain - 0x20)
                0x0000000000000020        0x4 LONG 0x0

.text           0x0000000000000030     0x5574
 *(.text)
 .text          0x0000000000000030      0x2a0 ../obj/io.o
                0x0000000000000030                interrupt_handler21
                0x0000000000000078                wait_KBC_sendready
                0x0000000000000098                init_keyboard
                0x00000000000000e3                interrupt_handler2c
                0x000000000000013f                enable_mouse
                0x0000000000000191                mouse_decode
 .text          0x00000000000002d0      0xae9 ../obj/layer.o
                0x00000000000002d0                layer_control_init
                0x00000000000003b5                layer_alloc
                0x000000000000042c                layer_setbuf
                0x0000000000000455                layer_refreshmap
                0x0000000000000602                layer_refreshsub
                0x00000000000007ca                layer_updown
                0x0000000000000ba5                layer_refresh
                0x0000000000000c27                layer_slide
                0x0000000000000d89                layer_free
 .text          0x0000000000000db9        0x0 ../obj/hankaku.o
 .text          0x0000000000000db9      0x2bf ../obj/file.o
                0x0000000000000db9                file_search
                0x0000000000000f22                file_readfat
                0x0000000000000fd2                file_loadfile
 .text          0x0000000000001078      0x6b7 ../obj/mult_task.o
                0x0000000000001078                task_init
                0x00000000000012b9                task_alloc
                0x00000000000013db                task_run
                0x000000000000144b                task_switch
                0x000000000000152e                task_sleep
                0x000000000000157f                task_now
                0x00000000000015b9                task_add
                0x000000000000160c                task_remove
                0x00000000000016d0                task_switchsub
                0x0000000000001722                task_idle
 .text          0x000000000000172f      0x140 ../obj/interrupt.o
                0x000000000000172f                init_pic
                0x0000000000001828                interrupt_handler27
                0x0000000000001845                interrupt_handler0d
 .text          0x000000000000186f      0xde7 ../obj/console.o
                0x000000000000186f                console_task
                0x0000000000001bfd                cons_newline
                0x0000000000001d16                cons_putchar
                0x0000000000001e57                cons_runcmd
                0x0000000000001f92                cmd_mem
                0x0000000000002008                cmd_clear
                0x0000000000002092                cmd_ls
                0x00000000000021c1                cmd_cat
                0x00000000000022c1                cmd_app
                0x0000000000002556                cons_putstr
                0x000000000000258e                cons_putnstr
                0x00000000000025cf                str_api
 .text          0x0000000000002656      0x44f ../obj/macro.o
                0x0000000000002656                lsprintf
                0x00000000000027f6                strcls
                0x0000000000002813                int2char
                0x0000000000002829                int2hex
                0x00000000000028e3                figure
                0x0000000000002940                int2dec
                0x00000000000029df                int2str
                0x0000000000002a10                get_length
                0x0000000000002a36                lstrcmp
                0x0000000000002a73                lstrncmp
 .text          0x0000000000002aa5      0x601 ../obj/window.o
                0x0000000000002aa5                make_window
                0x0000000000002d07                make_wtitle
                0x0000000000002e25                make_textbox8
 .text          0x00000000000030a6      0x49f ../obj/memory.o
                0x00000000000030a6                memtest
                0x0000000000003146                memory_manage_init
                0x0000000000003173                memory_manage_total
                0x00000000000031ab                memory_manage_alloc
                0x0000000000003292                memory_manage_free
                0x00000000000034de                memory_manage_alloc_4k
                0x000000000000350e                memory_manage_free_4k
 .text          0x0000000000003545      0xcfc ../obj/bootpack.o
                0x0000000000003545                HariMain
 .text          0x0000000000004241      0x2c3 ../obj/fifo.o
                0x0000000000004241                init_fifo32
                0x0000000000004288                put_fifo32
                0x000000000000433d                get_fifo32
                0x00000000000043ac                fifo_status32
                0x00000000000043c1                init_fifo
                0x00000000000043ff                put_fifo
                0x000000000000447f                get_fifo
                0x00000000000044ef                fifo_status
 .text          0x0000000000004504      0x2ca ../obj/dsctbl.o
                0x0000000000004504                init_gdtidt
                0x000000000000470b                set_segmdesc
                0x0000000000004786                set_gatedesc
 .text          0x00000000000047ce      0x2a5 ../obj/timer.o
                0x00000000000047ce                init_pit
                0x0000000000004882                timer_alloc
                0x00000000000048ed                timer_free
                0x00000000000048fd                init_timer
                0x0000000000004915                settimer
                0x00000000000049c2                interrupt_handler20
 .text          0x0000000000004a73      0x808 ../obj/grahpic.o
                0x0000000000004a73                init_palette
                0x0000000000004a98                set_palette
                0x0000000000004b3b                draw_rectangle
                0x0000000000004b99                put_font
                0x0000000000004c9a                put_string
                0x0000000000004d18                init_desktop
                0x0000000000005074                init_mouse_cursor
                0x000000000000514c                put_block
                0x00000000000051bc                put_string_layer
 *fill*         0x000000000000527b        0x5 
 .text          0x0000000000005280      0x324 ../obj/asmfunc.o
                0x0000000000005280                io_hlt
                0x0000000000005282                io_cli
                0x0000000000005284                io_sti
                0x0000000000005286                io_stihlt
                0x0000000000005289                io_in8
                0x0000000000005294                io_in16
                0x00000000000052a0                io_in32
                0x00000000000052a6                io_out8
                0x00000000000052b0                io_out16
                0x00000000000052bb                io_out32
                0x00000000000052c5                io_load_eflags
                0x00000000000052c8                io_store_eflags
                0x00000000000052cf                load_gdtr
                0x00000000000052df                load_idtr
                0x00000000000052ef                load_cr0
                0x00000000000052f3                store_cr0
                0x00000000000052fb                load_tr
                0x0000000000005301                asm_interrupt_handler20
                0x000000000000534e                asm_interrupt_handler21
                0x000000000000539b                asm_interrupt_handler27
                0x00000000000053e8                asm_interrupt_handler2c
                0x0000000000005435                asm_interrupt_handler0d
                0x00000000000054a9                memtest_sub
                0x00000000000054eb                farjmp
                0x00000000000054f0                farcall
                0x00000000000054f5                asm_str_api
                0x0000000000005561                start_app

.data           0x0000000000310000     0x14c1 load address 0x00000000000055a4
 *(.data)
 .data          0x0000000000310000      0x100 ../obj/io.o
 .data          0x0000000000310100        0x0 ../obj/layer.o
 .data          0x0000000000310100     0x1000 ../obj/hankaku.o
                0x0000000000310100                hankaku
 .data          0x0000000000311100        0x0 ../obj/file.o
 .data          0x0000000000311100        0x0 ../obj/mult_task.o
 .data          0x0000000000311100        0x0 ../obj/interrupt.o
 .data          0x0000000000311100        0x0 ../obj/console.o
 .data          0x0000000000311100        0x0 ../obj/macro.o
 .data          0x0000000000311100       0xe0 ../obj/window.o
 .data          0x00000000003111e0        0x0 ../obj/memory.o
 .data          0x00000000003111e0      0x100 ../obj/bootpack.o
 .data          0x00000000003112e0        0x0 ../obj/fifo.o
 .data          0x00000000003112e0        0x0 ../obj/dsctbl.o
 .data          0x00000000003112e0        0x0 ../obj/timer.o
 .data          0x00000000003112e0      0x140 ../obj/grahpic.o
 *(.rodata*)
 .rodata        0x0000000000311420       0x29 ../obj/interrupt.o
 .rodata        0x0000000000311449       0x67 ../obj/console.o
 .rodata        0x00000000003114b0       0x11 ../obj/bootpack.o
 *(.bss)
 .bss           0x00000000003114c1        0x0 ../obj/io.o
 .bss           0x00000000003114c1        0x0 ../obj/layer.o
 .bss           0x00000000003114c1        0x0 ../obj/hankaku.o
 .bss           0x00000000003114c1        0x0 ../obj/file.o
 .bss           0x00000000003114c1        0x0 ../obj/mult_task.o
 .bss           0x00000000003114c1        0x0 ../obj/interrupt.o
 .bss           0x00000000003114c1        0x0 ../obj/console.o
 .bss           0x00000000003114c1        0x0 ../obj/macro.o
 .bss           0x00000000003114c1        0x0 ../obj/window.o
 .bss           0x00000000003114c1        0x0 ../obj/memory.o
 .bss           0x00000000003114c1        0x0 ../obj/bootpack.o
 .bss           0x00000000003114c1        0x0 ../obj/fifo.o
 .bss           0x00000000003114c1        0x0 ../obj/dsctbl.o
 .bss           0x00000000003114c1        0x0 ../obj/timer.o
 .bss           0x00000000003114c1        0x0 ../obj/grahpic.o

/DISCARD/
 *(.eh_frame)
LOAD ../obj/io.o
LOAD ../obj/layer.o
LOAD ../obj/hankaku.o
LOAD ../obj/file.o
LOAD ../obj/mult_task.o
LOAD ../obj/interrupt.o
LOAD ../obj/console.o
LOAD ../obj/macro.o
LOAD ../obj/window.o
LOAD ../obj/memory.o
LOAD ../obj/bootpack.o
LOAD ../obj/fifo.o
LOAD ../obj/dsctbl.o
LOAD ../obj/timer.o
LOAD ../obj/grahpic.o
LOAD ../obj/asmfunc.o
OUTPUT(../bin/bootpack.bin binary)

.comment        0x0000000000000000      0x1c2
 .comment       0x0000000000000000       0x1e ../obj/io.o
 .comment       0x000000000000001e       0x1e ../obj/layer.o
 .comment       0x000000000000003c       0x1e ../obj/hankaku.o
 .comment       0x000000000000005a       0x1e ../obj/file.o
 .comment       0x0000000000000078       0x1e ../obj/mult_task.o
 .comment       0x0000000000000096       0x1e ../obj/interrupt.o
 .comment       0x00000000000000b4       0x1e ../obj/console.o
 .comment       0x00000000000000d2       0x1e ../obj/macro.o
 .comment       0x00000000000000f0       0x1e ../obj/window.o
 .comment       0x000000000000010e       0x1e ../obj/memory.o
 .comment       0x000000000000012c       0x1e ../obj/bootpack.o
 .comment       0x000000000000014a       0x1e ../obj/fifo.o
 .comment       0x0000000000000168       0x1e ../obj/dsctbl.o
 .comment       0x0000000000000186       0x1e ../obj/timer.o
 .comment       0x00000000000001a4       0x1e ../obj/grahpic.o

.note.GNU-stack
                0x0000000000000000        0x0
 .note.GNU-stack
                0x0000000000000000        0x0 ../obj/io.o
 .note.GNU-stack
                0x0000000000000000        0x0 ../obj/layer.o
 .note.GNU-stack
                0x0000000000000000        0x0 ../obj/hankaku.o
 .note.GNU-stack
                0x0000000000000000        0x0 ../obj/file.o
 .note.GNU-stack
                0x0000000000000000        0x0 ../obj/mult_task.o
 .note.GNU-stack
                0x0000000000000000        0x0 ../obj/interrupt.o
 .note.GNU-stack
                0x0000000000000000        0x0 ../obj/console.o
 .note.GNU-stack
                0x0000000000000000        0x0 ../obj/macro.o
 .note.GNU-stack
                0x0000000000000000        0x0 ../obj/window.o
 .note.GNU-stack
                0x0000000000000000        0x0 ../obj/memory.o
 .note.GNU-stack
                0x0000000000000000        0x0 ../obj/bootpack.o
 .note.GNU-stack
                0x0000000000000000        0x0 ../obj/fifo.o
 .note.GNU-stack
                0x0000000000000000        0x0 ../obj/dsctbl.o
 .note.GNU-stack
                0x0000000000000000        0x0 ../obj/timer.o
 .note.GNU-stack
                0x0000000000000000        0x0 ../obj/grahpic.o

.bss            0x00000000003114e0     0x273c load address 0x0000000000006aa0
 COMMON         0x00000000003114e0       0x10 ../obj/io.o
                0x00000000003114e0                keyfifo
                0x00000000003114e4                mousedata
                0x00000000003114e8                keydata
                0x00000000003114ec                mousefifo
 COMMON         0x00000000003114f0        0x8 ../obj/mult_task.o
                0x00000000003114f0                taskctl
                0x00000000003114f4                task_timer
 *fill*         0x00000000003114f8        0x8 
 COMMON         0x0000000000311500     0x271c ../obj/timer.o
                0x0000000000311500                timer_ctl
