
Allocating common symbols
Common symbol       size              file

keyfifo             0x4               ../obj/io.o
timer_ctl           0x271c            ../obj/timer.o
taskctl             0x4               ../obj/mult_task.o
mousedata           0x4               ../obj/io.o
keydata             0x4               ../obj/io.o
mousefifo           0x4               ../obj/io.o
task_timer          0x4               ../obj/mult_task.o

Discarded input sections

 .eh_frame      0x0000000000000000       0xd8 ../obj/io.o
 .eh_frame      0x0000000000000000      0x160 ../obj/layer.o
 .eh_frame      0x0000000000000000       0x7c ../obj/file.o
 .eh_frame      0x0000000000000000      0x15c ../obj/mult_task.o
 .eh_frame      0x0000000000000000       0x98 ../obj/interrupt.o
 .eh_frame      0x0000000000000000      0x1a8 ../obj/console.o
 .eh_frame      0x0000000000000000      0x15c ../obj/macro.o
 .eh_frame      0x0000000000000000       0x88 ../obj/window.o
 .eh_frame      0x0000000000000000      0x104 ../obj/memory.o
 .eh_frame      0x0000000000000000       0x34 ../obj/bootpack.o
 .eh_frame      0x0000000000000000      0x118 ../obj/fifo.o
 .eh_frame      0x0000000000000000       0x78 ../obj/dsctbl.o
 .eh_frame      0x0000000000000000       0xd8 ../obj/timer.o
 .eh_frame      0x0000000000000000      0x140 ../obj/grahpic.o

Memory Configuration

Name             Origin             Length             Attributes
*default*        0x0000000000000000 0xffffffffffffffff

Linker script and memory map


.head           0x0000000000000000       0x24
                0x0000000000000000        0x4 LONG 0x10000
                0x0000000000000004        0x4 LONG 0x69726148
                0x0000000000000008        0x4 LONG 0x0
                0x000000000000000c        0x4 LONG 0x310000
                0x0000000000000010        0x4 LONG 0x150d SIZEOF (.data)
                0x0000000000000014        0x4 LONG 0x5613 LOADADDR (.data)
                0x0000000000000018        0x4 LONG 0xe9000000
                0x000000000000001c        0x4 LONG 0x366e (HariMain - 0x20)
                0x0000000000000020        0x4 LONG 0x0

.text           0x0000000000000030     0x55e3
 *(.text)
 .text          0x0000000000000030      0x2a0 ../obj/io.o
                0x0000000000000030                interrupt_handler21
                0x0000000000000078                wait_KBC_sendready
                0x0000000000000098                init_keyboard
                0x00000000000000e3                interrupt_handler2c
                0x000000000000013f                enable_mouse
                0x0000000000000191                mouse_decode
 .text          0x00000000000002d0      0xae9 ../obj/layer.o
                0x00000000000002d0                layer_control_init
                0x00000000000003b5                layer_alloc
                0x000000000000042c                layer_setbuf
                0x0000000000000455                layer_refreshmap
                0x0000000000000602                layer_refreshsub
                0x00000000000007ca                layer_updown
                0x0000000000000ba5                layer_refresh
                0x0000000000000c27                layer_slide
                0x0000000000000d89                layer_free
 .text          0x0000000000000db9        0x0 ../obj/hankaku.o
 .text          0x0000000000000db9      0x2bf ../obj/file.o
                0x0000000000000db9                file_search
                0x0000000000000f22                file_readfat
                0x0000000000000fd2                file_loadfile
 .text          0x0000000000001078      0x6c1 ../obj/mult_task.o
                0x0000000000001078                task_init
                0x00000000000012b9                task_alloc
                0x00000000000013e5                task_run
                0x0000000000001455                task_switch
                0x0000000000001538                task_sleep
                0x0000000000001589                task_now
                0x00000000000015c3                task_add
                0x0000000000001616                task_remove
                0x00000000000016da                task_switchsub
                0x000000000000172c                task_idle
 .text          0x0000000000001739      0x1de ../obj/interrupt.o
                0x0000000000001739                init_pic
                0x0000000000001832                interrupt_handler27
                0x000000000000184f                interrupt_handler0c
                0x00000000000018b3                interrupt_handler0d
 .text          0x0000000000001917      0xe88 ../obj/console.o
                0x0000000000001917                console_task
                0x0000000000001ca5                cons_newline
                0x0000000000001dbe                cons_putchar
                0x0000000000001eff                cons_runcmd
                0x000000000000203a                cmd_mem
                0x00000000000020b0                cmd_clear
                0x000000000000213a                cmd_ls
                0x0000000000002269                cmd_cat
                0x0000000000002369                cmd_app
                0x0000000000002683                cons_putstr
                0x00000000000026bb                cons_putnstr
                0x00000000000026fc                str_api
 .text          0x000000000000279f      0x44f ../obj/macro.o
                0x000000000000279f                lsprintf
                0x000000000000293f                strcls
                0x000000000000295c                int2char
                0x0000000000002972                int2hex
                0x0000000000002a2c                figure
                0x0000000000002a89                int2dec
                0x0000000000002b28                int2str
                0x0000000000002b59                get_length
                0x0000000000002b7f                lstrcmp
                0x0000000000002bbc                lstrncmp
 .text          0x0000000000002bee      0x601 ../obj/window.o
                0x0000000000002bee                make_window
                0x0000000000002e50                make_wtitle
                0x0000000000002f6e                make_textbox8
 .text          0x00000000000031ef      0x49f ../obj/memory.o
                0x00000000000031ef                memtest
                0x000000000000328f                memory_manage_init
                0x00000000000032bc                memory_manage_total
                0x00000000000032f4                memory_manage_alloc
                0x00000000000033db                memory_manage_free
                0x0000000000003627                memory_manage_alloc_4k
                0x0000000000003657                memory_manage_free_4k
 .text          0x000000000000368e      0xd55 ../obj/bootpack.o
                0x000000000000368e                HariMain
 .text          0x00000000000043e3      0x2c3 ../obj/fifo.o
                0x00000000000043e3                init_fifo32
                0x000000000000442a                put_fifo32
                0x00000000000044df                get_fifo32
                0x000000000000454e                fifo_status32
                0x0000000000004563                init_fifo
                0x00000000000045a1                put_fifo
                0x0000000000004621                get_fifo
                0x0000000000004691                fifo_status
 .text          0x00000000000046a6      0x2f1 ../obj/dsctbl.o
                0x00000000000046a6                init_gdtidt
                0x00000000000048d4                set_segmdesc
                0x000000000000494f                set_gatedesc
 .text          0x0000000000004997      0x2a5 ../obj/timer.o
                0x0000000000004997                init_pit
                0x0000000000004a4b                timer_alloc
                0x0000000000004ab6                timer_free
                0x0000000000004ac6                init_timer
                0x0000000000004ade                settimer
                0x0000000000004b8b                interrupt_handler20
 .text          0x0000000000004c3c      0x808 ../obj/grahpic.o
                0x0000000000004c3c                init_palette
                0x0000000000004c61                set_palette
                0x0000000000004d04                draw_rectangle
                0x0000000000004d62                put_font
                0x0000000000004e63                put_string
                0x0000000000004ee1                init_desktop
                0x000000000000523d                init_mouse_cursor
                0x0000000000005315                put_block
                0x0000000000005385                put_string_layer
 *fill*         0x0000000000005444        0xc 
 .text          0x0000000000005450      0x1c3 ../obj/asmfunc.o
                0x0000000000005450                io_hlt
                0x0000000000005452                io_cli
                0x0000000000005454                io_sti
                0x0000000000005456                io_stihlt
                0x0000000000005459                io_in8
                0x0000000000005464                io_in16
                0x0000000000005470                io_in32
                0x0000000000005476                io_out8
                0x0000000000005480                io_out16
                0x000000000000548b                io_out32
                0x0000000000005495                io_load_eflags
                0x0000000000005498                io_store_eflags
                0x000000000000549f                load_gdtr
                0x00000000000054af                load_idtr
                0x00000000000054bf                load_cr0
                0x00000000000054c3                store_cr0
                0x00000000000054cb                load_tr
                0x00000000000054d1                asm_interrupt_handler20
                0x00000000000054e8                asm_interrupt_handler21
                0x00000000000054ff                asm_interrupt_handler27
                0x0000000000005516                asm_interrupt_handler2c
                0x000000000000552d                asm_interrupt_handler0d
                0x0000000000005551                asm_interrupt_handler0c
                0x0000000000005571                memtest_sub
                0x00000000000055b3                farjmp
                0x00000000000055b8                farcall
                0x00000000000055bd                asm_str_api
                0x00000000000055da                asm_end_app
                0x00000000000055e5                start_app

.data           0x0000000000310000     0x150d load address 0x0000000000005613
 *(.data)
 .data          0x0000000000310000      0x100 ../obj/io.o
 .data          0x0000000000310100        0x0 ../obj/layer.o
 .data          0x0000000000310100     0x1000 ../obj/hankaku.o
                0x0000000000310100                hankaku
 .data          0x0000000000311100        0x0 ../obj/file.o
 .data          0x0000000000311100        0x0 ../obj/mult_task.o
 .data          0x0000000000311100        0x0 ../obj/interrupt.o
 .data          0x0000000000311100        0x0 ../obj/console.o
 .data          0x0000000000311100        0x0 ../obj/macro.o
 .data          0x0000000000311100       0xe0 ../obj/window.o
 .data          0x00000000003111e0        0x0 ../obj/memory.o
 .data          0x00000000003111e0      0x100 ../obj/bootpack.o
 .data          0x00000000003112e0        0x0 ../obj/fifo.o
 .data          0x00000000003112e0        0x0 ../obj/dsctbl.o
 .data          0x00000000003112e0        0x0 ../obj/timer.o
 .data          0x00000000003112e0      0x140 ../obj/grahpic.o
 *(.rodata*)
 .rodata        0x0000000000311420       0x49 ../obj/interrupt.o
 .rodata        0x0000000000311469       0x7b ../obj/console.o
 .rodata        0x00000000003114e4       0x29 ../obj/bootpack.o
 *(.bss)
 .bss           0x000000000031150d        0x0 ../obj/io.o
 .bss           0x000000000031150d        0x0 ../obj/layer.o
 .bss           0x000000000031150d        0x0 ../obj/hankaku.o
 .bss           0x000000000031150d        0x0 ../obj/file.o
 .bss           0x000000000031150d        0x0 ../obj/mult_task.o
 .bss           0x000000000031150d        0x0 ../obj/interrupt.o
 .bss           0x000000000031150d        0x0 ../obj/console.o
 .bss           0x000000000031150d        0x0 ../obj/macro.o
 .bss           0x000000000031150d        0x0 ../obj/window.o
 .bss           0x000000000031150d        0x0 ../obj/memory.o
 .bss           0x000000000031150d        0x0 ../obj/bootpack.o
 .bss           0x000000000031150d        0x0 ../obj/fifo.o
 .bss           0x000000000031150d        0x0 ../obj/dsctbl.o
 .bss           0x000000000031150d        0x0 ../obj/timer.o
 .bss           0x000000000031150d        0x0 ../obj/grahpic.o

/DISCARD/
 *(.eh_frame)
LOAD ../obj/io.o
LOAD ../obj/layer.o
LOAD ../obj/hankaku.o
LOAD ../obj/file.o
LOAD ../obj/mult_task.o
LOAD ../obj/interrupt.o
LOAD ../obj/console.o
LOAD ../obj/macro.o
LOAD ../obj/window.o
LOAD ../obj/memory.o
LOAD ../obj/bootpack.o
LOAD ../obj/fifo.o
LOAD ../obj/dsctbl.o
LOAD ../obj/timer.o
LOAD ../obj/grahpic.o
LOAD ../obj/asmfunc.o
OUTPUT(../bin/bootpack.bin binary)

.comment        0x0000000000000000      0x1c2
 .comment       0x0000000000000000       0x1e ../obj/io.o
 .comment       0x000000000000001e       0x1e ../obj/layer.o
 .comment       0x000000000000003c       0x1e ../obj/hankaku.o
 .comment       0x000000000000005a       0x1e ../obj/file.o
 .comment       0x0000000000000078       0x1e ../obj/mult_task.o
 .comment       0x0000000000000096       0x1e ../obj/interrupt.o
 .comment       0x00000000000000b4       0x1e ../obj/console.o
 .comment       0x00000000000000d2       0x1e ../obj/macro.o
 .comment       0x00000000000000f0       0x1e ../obj/window.o
 .comment       0x000000000000010e       0x1e ../obj/memory.o
 .comment       0x000000000000012c       0x1e ../obj/bootpack.o
 .comment       0x000000000000014a       0x1e ../obj/fifo.o
 .comment       0x0000000000000168       0x1e ../obj/dsctbl.o
 .comment       0x0000000000000186       0x1e ../obj/timer.o
 .comment       0x00000000000001a4       0x1e ../obj/grahpic.o

.note.GNU-stack
                0x0000000000000000        0x0
 .note.GNU-stack
                0x0000000000000000        0x0 ../obj/io.o
 .note.GNU-stack
                0x0000000000000000        0x0 ../obj/layer.o
 .note.GNU-stack
                0x0000000000000000        0x0 ../obj/hankaku.o
 .note.GNU-stack
                0x0000000000000000        0x0 ../obj/file.o
 .note.GNU-stack
                0x0000000000000000        0x0 ../obj/mult_task.o
 .note.GNU-stack
                0x0000000000000000        0x0 ../obj/interrupt.o
 .note.GNU-stack
                0x0000000000000000        0x0 ../obj/console.o
 .note.GNU-stack
                0x0000000000000000        0x0 ../obj/macro.o
 .note.GNU-stack
                0x0000000000000000        0x0 ../obj/window.o
 .note.GNU-stack
                0x0000000000000000        0x0 ../obj/memory.o
 .note.GNU-stack
                0x0000000000000000        0x0 ../obj/bootpack.o
 .note.GNU-stack
                0x0000000000000000        0x0 ../obj/fifo.o
 .note.GNU-stack
                0x0000000000000000        0x0 ../obj/dsctbl.o
 .note.GNU-stack
                0x0000000000000000        0x0 ../obj/timer.o
 .note.GNU-stack
                0x0000000000000000        0x0 ../obj/grahpic.o

.bss            0x0000000000311520     0x273c load address 0x0000000000006b40
 COMMON         0x0000000000311520       0x10 ../obj/io.o
                0x0000000000311520                keyfifo
                0x0000000000311524                mousedata
                0x0000000000311528                keydata
                0x000000000031152c                mousefifo
 COMMON         0x0000000000311530        0x8 ../obj/mult_task.o
                0x0000000000311530                taskctl
                0x0000000000311534                task_timer
 *fill*         0x0000000000311538        0x8 
 COMMON         0x0000000000311540     0x271c ../obj/timer.o
                0x0000000000311540                timer_ctl
